// Jest Snapshot v1, https://goo.gl/fbAQLP

exports[`ValidationForms.vue renders correctly 1`] = `
<div
  class="animated fadeIn"
>
  <b-card-stub
    bodytag="div"
    footertag="div"
    headertag="div"
    nobody="true"
    subtitle=""
    subtitletag="h6"
    subtitletextvariant="muted"
    tag="div"
    title=""
    titletag="h4"
  >
    <b-card-header-stub
      headertag="div"
    >
      <i
        class="icon-note"
      />
       Form Validation
      
      <a
        class="badge badge-danger"
        href="https://coreui.io/pro/vue/"
      >
        CoreUI Pro
      </a>
       
      <div
        class="card-header-actions"
      >
        <a
          class="card-header-action"
          href="https://github.com/monterail/vuelidate"
          rel="noreferrer noopener"
          target="_blank"
        >
          <small
            class="text-muted"
          >
            docs
          </small>
        </a>
      </div>
    </b-card-header-stub>
     
    <b-card-body-stub
      bodytag="div"
      subtitle=""
      subtitletag="h6"
      subtitletextvariant="muted"
      title=""
      titletag="h4"
    >
      <b-link-stub
        event="click"
        href="https://monterail.github.io/vuelidate"
        rel="noreferrer noopener"
        routertag="a"
        target="_blank"
      >
        Vuelidate
      </b-link-stub>
       provides 
      <cite>
        Simple, lightweight model-based validation for Vue.js
      </cite>
       
      <hr />
       
      <b-row-stub
        tag="div"
      >
        <b-col-stub
          lg="6"
          tag="div"
        >
          <b-form-stub
            novalidate="true"
          >
            <b-form-group-stub
              feedbackarialive="assertive"
              id="firstNameInputGroup1"
              label="First Name"
              labelfor="firstname"
            >
              <b-form-input-stub
                aria-describedby="input1LiveFeedback1"
                autocomplete="given-name"
                autofocus="true"
                id="firstName"
                placeholder="First Name"
                state="true"
                type="text"
                value=""
              />
               
              <b-form-invalid-feedback-stub
                id="input1LiveFeedback1"
                tag="div"
              >
                
                This is a required field and must be at least 2 characters
              
              </b-form-invalid-feedback-stub>
            </b-form-group-stub>
             
            <b-form-group-stub
              feedbackarialive="assertive"
              id="lastNameInputGroup2"
              label="Last Name"
              labelfor="lastName"
            >
              <b-form-input-stub
                aria-describedby="input1LiveFeedback2"
                autocomplete="family-name"
                id="lastName"
                placeholder="Last Name"
                state="true"
                type="text"
                value=""
              />
               
              <b-form-invalid-feedback-stub
                id="input1LiveFeedback2"
                tag="div"
              >
                
                This is a required field and must be at least 1 character
              
              </b-form-invalid-feedback-stub>
            </b-form-group-stub>
             
            <b-form-group-stub
              feedbackarialive="assertive"
              id="userNameInputGroup3"
              label="User Name"
              labelfor="userName"
            >
              <b-form-input-stub
                aria-describedby="input1LiveFeedback3"
                autocomplete="username"
                id="userName"
                placeholder="User Name"
                state="true"
                type="text"
                value=""
              />
               
              <b-form-invalid-feedback-stub
                id="input1LiveFeedback3"
                tag="div"
              >
                
                This is a required field and must be at least 5 characters
              
              </b-form-invalid-feedback-stub>
            </b-form-group-stub>
             
            <b-form-group-stub
              feedbackarialive="assertive"
              id="emailInputGroup4"
              label="Email"
              labelfor="email"
            >
              <b-form-input-stub
                aria-describedby="input1LiveFeedback4"
                autocomplete="email"
                id="email"
                placeholder="Email"
                state="true"
                type="email"
                value=""
              />
               
              <b-form-invalid-feedback-stub
                id="input1LiveFeedback4"
                tag="div"
              >
                
                This is a required field and must be valid e-mail address
              
              </b-form-invalid-feedback-stub>
            </b-form-group-stub>
             
            <b-row-stub
              tag="div"
            >
              <b-col-stub
                md="6"
                tag="div"
              >
                <b-form-group-stub
                  feedbackarialive="assertive"
                  id="passInputGroup5"
                  label="Password"
                  labelfor="password"
                >
                  <b-form-input-stub
                    aria-describedby="input1LiveFeedback5"
                    autocomplete="new-password"
                    id="password"
                    placeholder="Password"
                    state="true"
                    type="password"
                    value=""
                  />
                   
                  <b-form-invalid-feedback-stub
                    id="input1LiveFeedback5"
                    tag="div"
                  >
                    
                    Required password containing at least: number, uppercase and lowercase letter, 8 characters
                  
                  </b-form-invalid-feedback-stub>
                </b-form-group-stub>
              </b-col-stub>
               
              <b-col-stub
                md="6"
                tag="div"
              >
                <b-form-group-stub
                  feedbackarialive="assertive"
                  id="confPassInputGroup6"
                  label="Confirm password"
                  labelfor="confirm_password"
                >
                  <b-form-input-stub
                    aria-describedby="input1LiveFeedback6"
                    autocomplete="new-password"
                    id="confirm_password"
                    placeholder="Confirm password"
                    state="true"
                    type="password"
                    value=""
                  />
                   
                  <b-form-invalid-feedback-stub
                    id="input1LiveFeedback6"
                    tag="div"
                  >
                    
                    Passwords must match
                  
                  </b-form-invalid-feedback-stub>
                </b-form-group-stub>
              </b-col-stub>
            </b-row-stub>
             
            <b-form-group-stub
              feedbackarialive="assertive"
              invalidfeedback="You must accept before submitting"
              state="true"
            >
              <b-form-checkbox-stub
                aria-describedby="input1LiveFeedback7"
                id="accept"
                state="true"
              >
                <strong>
                  I accept the terms of use
                </strong>
              </b-form-checkbox-stub>
            </b-form-group-stub>
             
            <b-button-stub
              disabled="true"
              event="click"
              routertag="a"
              tag="button"
              target="_self"
              type="submit"
              variant="primary"
            >
              
              Submit
            
            </b-button-stub>
             
            <b-button-stub
              class="ml-1"
              event="click"
              routertag="a"
              tag="button"
              target="_self"
              type="submit"
              variant="success"
            >
              
              Validate
            
            </b-button-stub>
             
            <b-button-stub
              class="ml-1"
              disabled="true"
              event="click"
              routertag="a"
              tag="button"
              target="_self"
              type="reset"
              variant="danger"
            >
              Reset
            </b-button-stub>
          </b-form-stub>
           
          <br />
        </b-col-stub>
         
        <b-col-stub
          lg="6"
          tag="div"
        >
          <b-card-stub
            bgvariant="secondary"
            bodytag="div"
            footertag="div"
            headertag="div"
            subtitle=""
            subtitletag="h6"
            subtitletextvariant="muted"
            tag="div"
            title=""
            titletag="h4"
          >
            <pre>
              {
    "firstName": "",
    "lastName": "",
    "userName": "",
    "email": "",
    "password": "",
    "confirmPassword": "",
    "accept": false
}
            </pre>
          </b-card-stub>
        </b-col-stub>
      </b-row-stub>
    </b-card-body-stub>
  </b-card-stub>
</div>
`;
